// Jest Snapshot v1, https://goo.gl/fbAQLP

exports[`Theme Object should match one to one with the exported theme 1`] = `
Object {
  "colors": Object {
    "beiges": Array [
      "rgb(250, 245, 244)",
    ],
    "blacks": Array [
      "rgb(34, 34, 34)",
      "rgb(51, 51, 51)",
    ],
    "corals": Array [
      "rgb(255, 113, 99)",
      "rgb(229, 85, 78)",
    ],
    "grays": Array [
      "rgb(222, 223, 224)",
      "rgb(159, 188, 208)",
      "rgb(142, 149, 154)",
      "rgb(89, 103, 113)",
      "rgb(77, 77, 79)",
      "rgb(56, 72, 82)",
    ],
    "sand": "rgb(204, 153, 102)",
    "whites": Array [
      "rgb(255, 255, 255)",
      "rgb(240, 246, 246)",
      "rgb(240, 240, 240)",
      "rgb(249, 246, 241)",
      "rgb(247, 247, 247)",
    ],
    "yellows": Array [
      "rgb(223, 199, 129)",
      "rgb(255, 202, 84)",
    ],
  },
  "fontSizes": Array [
    12,
    14,
    16,
    18,
    20,
    24,
    32,
    44,
  ],
  "fontWeights": Array [
    100,
    200,
    300,
    400,
    500,
    600,
    700,
    800,
    900,
  ],
  "fonts": Object {
    "display": "\\"museo_sans300\\", Helvetica, sans-serif",
    "heading": Object {
      "default": "\\"museo300\\", serif",
      "secondary": "\\"museo500\\", serif",
    },
  },
  "spaces": Array [
    0,
    3,
    6,
    12,
    18,
    24,
    30,
    36,
    48,
    72,
  ],
}
`;
