// Jest Snapshot v1, https://goo.gl/fbAQLP

exports[`Page Resolvers Legal Pages should return an Array containing all the legal pages in english 1`] = `
Array [
  Object {
    "handle": "terms-conditions",
    "id": "Shopify__Page__Z2lkOi8vc2hvcGlmeS9QYWdlLzEyOTAxNjkwMA==",
    "shortTitle": "Terms Conditions",
    "slug": "/legal/terms-conditions",
    "title": "Standard Business Terms and customer information",
  },
  Object {
    "handle": "privacy-policy",
    "id": "Shopify__Page__Z2lkOi8vc2hvcGlmeS9QYWdlLzEyOTIxNTc0OA==",
    "shortTitle": "Privacy Policy",
    "slug": "/legal/privacy-policy",
    "title": "Data protection declaration",
  },
  Object {
    "handle": "cancellation-right",
    "id": "Shopify__Page__Z2lkOi8vc2hvcGlmeS9QYWdlLzEzMDAwODc3Mg==",
    "shortTitle": "Cancellation Right",
    "slug": "/legal/cancellation-right",
    "title": "Returns & Exchanges",
  },
  Object {
    "handle": "imprint",
    "id": "Shopify__Page__Z2lkOi8vc2hvcGlmeS9QYWdlLzEzMDA2MTEyNA==",
    "shortTitle": "Imprint",
    "slug": "/legal/imprint",
    "title": "About Us - Imprint",
  },
]
`;

exports[`Page Resolvers Legal Pages should return an Array containing all the legal pages in german 1`] = `
Array [
  Object {
    "handle": "agb",
    "id": "Shopify__Page__Z2lkOi8vc2hvcGlmeS9QYWdlLzEyOTIxNTk0MA==",
    "shortTitle": "Agb",
    "slug": "/legal/agb",
    "title": "Allgemeine Geschäftsbedingungen und Kundeninformationen",
  },
  Object {
    "handle": "impressum",
    "id": "Shopify__Page__Z2lkOi8vc2hvcGlmeS9QYWdlLzEyOTIxNjA2OA==",
    "shortTitle": "Impressum",
    "slug": "/legal/impressum",
    "title": "Impressum",
  },
  Object {
    "handle": "datenschutzerklarung",
    "id": "Shopify__Page__Z2lkOi8vc2hvcGlmeS9QYWdlLzEyOTIxNjE5Ng==",
    "shortTitle": "Datenschutzerklarung",
    "slug": "/legal/datenschutzerklarung",
    "title": "Datenschutzerklärung",
  },
  Object {
    "handle": "widerrufsbelehrung",
    "id": "Shopify__Page__Z2lkOi8vc2hvcGlmeS9QYWdlLzI1MDc1MTMxMw==",
    "shortTitle": "Widerrufsbelehrung",
    "slug": "/legal/widerrufsbelehrung",
    "title": "Widerrufsbelehrung",
  },
]
`;
